// Jest Snapshot v1, https://goo.gl/fbAQLP

exports[`ZapswapPool gas tests fee is off #burn above current price burn entire position after some time passes 1`] = `93925`;

exports[`ZapswapPool gas tests fee is off #burn above current price burn when only position using ticks 1`] = `93925`;

exports[`ZapswapPool gas tests fee is off #burn above current price entire position burn but other positions are using the ticks 1`] = `92940`;

exports[`ZapswapPool gas tests fee is off #burn above current price partial position burn 1`] = `97740`;

exports[`ZapswapPool gas tests fee is off #burn around current price burn entire position after some time passes 1`] = `111196`;

exports[`ZapswapPool gas tests fee is off #burn around current price burn when only position using ticks 1`] = `106094`;

exports[`ZapswapPool gas tests fee is off #burn around current price entire position burn but other positions are using the ticks 1`] = `97751`;

exports[`ZapswapPool gas tests fee is off #burn around current price partial position burn 1`] = `102551`;

exports[`ZapswapPool gas tests fee is off #burn below current price burn entire position after some time passes 1`] = `103398`;

exports[`ZapswapPool gas tests fee is off #burn below current price burn when only position using ticks 1`] = `103398`;

exports[`ZapswapPool gas tests fee is off #burn below current price entire position burn but other positions are using the ticks 1`] = `93581`;

exports[`ZapswapPool gas tests fee is off #burn below current price partial position burn 1`] = `98381`;

exports[`ZapswapPool gas tests fee is off #collect close to worst case 1`] = `46016`;

exports[`ZapswapPool gas tests fee is off #increaseObservationCardinalityNext grow by 1 slot 1`] = `51098`;

exports[`ZapswapPool gas tests fee is off #increaseObservationCardinalityNext no op 1`] = `24677`;

exports[`ZapswapPool gas tests fee is off #mint above current price add to position after some time passes 1`] = `109385`;

exports[`ZapswapPool gas tests fee is off #mint above current price add to position existing 1`] = `109385`;

exports[`ZapswapPool gas tests fee is off #mint above current price new position mint first in range 1`] = `228059`;

exports[`ZapswapPool gas tests fee is off #mint above current price second position in same range 1`] = `126485`;

exports[`ZapswapPool gas tests fee is off #mint around current price add to position after some time passes 1`] = `147752`;

exports[`ZapswapPool gas tests fee is off #mint around current price add to position existing 1`] = `138573`;

exports[`ZapswapPool gas tests fee is off #mint around current price new position mint first in range 1`] = `328882`;

exports[`ZapswapPool gas tests fee is off #mint around current price second position in same range 1`] = `155673`;

exports[`ZapswapPool gas tests fee is off #mint below current price add to position after some time passes 1`] = `109977`;

exports[`ZapswapPool gas tests fee is off #mint below current price add to position existing 1`] = `109977`;

exports[`ZapswapPool gas tests fee is off #mint below current price new position mint first in range 1`] = `309763`;

exports[`ZapswapPool gas tests fee is off #mint below current price second position in same range 1`] = `127077`;

exports[`ZapswapPool gas tests fee is off #poke best case 1`] = `52006`;

exports[`ZapswapPool gas tests fee is off #snapshotCumulativesInside tick above 1`] = `29643`;

exports[`ZapswapPool gas tests fee is off #snapshotCumulativesInside tick below 1`] = `29605`;

exports[`ZapswapPool gas tests fee is off #snapshotCumulativesInside tick inside 1`] = `37053`;

exports[`ZapswapPool gas tests fee is off #swapExact0For1 first swap in block moves tick, no initialized crossings 1`] = `114850`;

exports[`ZapswapPool gas tests fee is off #swapExact0For1 first swap in block with no tick movement 1`] = `98996`;

exports[`ZapswapPool gas tests fee is off #swapExact0For1 first swap in block, large swap crossing a single initialized tick 1`] = `140063`;

exports[`ZapswapPool gas tests fee is off #swapExact0For1 first swap in block, large swap crossing several initialized ticks 1`] = `193498`;

exports[`ZapswapPool gas tests fee is off #swapExact0For1 first swap in block, large swap, no initialized crossings 1`] = `129461`;

exports[`ZapswapPool gas tests fee is off #swapExact0For1 large swap crossing several initialized ticks after some time passes 1`] = `193498`;

exports[`ZapswapPool gas tests fee is off #swapExact0For1 large swap crossing several initialized ticks second time after some time passes 1`] = `212698`;

exports[`ZapswapPool gas tests fee is off #swapExact0For1 second swap in block moves tick, no initialized crossings 1`] = `114850`;

exports[`ZapswapPool gas tests fee is off #swapExact0For1 second swap in block with no tick movement 1`] = `99107`;

exports[`ZapswapPool gas tests fee is off #swapExact0For1 second swap in block, large swap crossing a single initialized tick 1`] = `126646`;

exports[`ZapswapPool gas tests fee is off #swapExact0For1 second swap in block, large swap crossing several initialized ticks 1`] = `180059`;

exports[`ZapswapPool gas tests fee is on #burn above current price burn entire position after some time passes 1`] = `93925`;

exports[`ZapswapPool gas tests fee is on #burn above current price burn when only position using ticks 1`] = `93925`;

exports[`ZapswapPool gas tests fee is on #burn above current price entire position burn but other positions are using the ticks 1`] = `92940`;

exports[`ZapswapPool gas tests fee is on #burn above current price partial position burn 1`] = `97740`;

exports[`ZapswapPool gas tests fee is on #burn around current price burn entire position after some time passes 1`] = `111196`;

exports[`ZapswapPool gas tests fee is on #burn around current price burn when only position using ticks 1`] = `106094`;

exports[`ZapswapPool gas tests fee is on #burn around current price entire position burn but other positions are using the ticks 1`] = `97751`;

exports[`ZapswapPool gas tests fee is on #burn around current price partial position burn 1`] = `102551`;

exports[`ZapswapPool gas tests fee is on #burn below current price burn entire position after some time passes 1`] = `103398`;

exports[`ZapswapPool gas tests fee is on #burn below current price burn when only position using ticks 1`] = `103398`;

exports[`ZapswapPool gas tests fee is on #burn below current price entire position burn but other positions are using the ticks 1`] = `93581`;

exports[`ZapswapPool gas tests fee is on #burn below current price partial position burn 1`] = `98381`;

exports[`ZapswapPool gas tests fee is on #collect close to worst case 1`] = `46016`;

exports[`ZapswapPool gas tests fee is on #increaseObservationCardinalityNext grow by 1 slot 1`] = `51098`;

exports[`ZapswapPool gas tests fee is on #increaseObservationCardinalityNext no op 1`] = `24677`;

exports[`ZapswapPool gas tests fee is on #mint above current price add to position after some time passes 1`] = `109385`;

exports[`ZapswapPool gas tests fee is on #mint above current price add to position existing 1`] = `109385`;

exports[`ZapswapPool gas tests fee is on #mint above current price new position mint first in range 1`] = `228059`;

exports[`ZapswapPool gas tests fee is on #mint above current price second position in same range 1`] = `126485`;

exports[`ZapswapPool gas tests fee is on #mint around current price add to position after some time passes 1`] = `147752`;

exports[`ZapswapPool gas tests fee is on #mint around current price add to position existing 1`] = `138573`;

exports[`ZapswapPool gas tests fee is on #mint around current price new position mint first in range 1`] = `328882`;

exports[`ZapswapPool gas tests fee is on #mint around current price second position in same range 1`] = `155673`;

exports[`ZapswapPool gas tests fee is on #mint below current price add to position after some time passes 1`] = `109977`;

exports[`ZapswapPool gas tests fee is on #mint below current price add to position existing 1`] = `109977`;

exports[`ZapswapPool gas tests fee is on #mint below current price new position mint first in range 1`] = `309763`;

exports[`ZapswapPool gas tests fee is on #mint below current price second position in same range 1`] = `127077`;

exports[`ZapswapPool gas tests fee is on #poke best case 1`] = `52006`;

exports[`ZapswapPool gas tests fee is on #snapshotCumulativesInside tick above 1`] = `29643`;

exports[`ZapswapPool gas tests fee is on #snapshotCumulativesInside tick below 1`] = `29605`;

exports[`ZapswapPool gas tests fee is on #snapshotCumulativesInside tick inside 1`] = `37053`;

exports[`ZapswapPool gas tests fee is on #swapExact0For1 first swap in block moves tick, no initialized crossings 1`] = `120237`;

exports[`ZapswapPool gas tests fee is on #swapExact0For1 first swap in block with no tick movement 1`] = `104236`;

exports[`ZapswapPool gas tests fee is on #swapExact0For1 first swap in block, large swap crossing a single initialized tick 1`] = `145597`;

exports[`ZapswapPool gas tests fee is on #swapExact0For1 first swap in block, large swap crossing several initialized ticks 1`] = `199473`;

exports[`ZapswapPool gas tests fee is on #swapExact0For1 first swap in block, large swap, no initialized crossings 1`] = `135142`;

exports[`ZapswapPool gas tests fee is on #swapExact0For1 large swap crossing several initialized ticks after some time passes 1`] = `199473`;

exports[`ZapswapPool gas tests fee is on #swapExact0For1 large swap crossing several initialized ticks second time after some time passes 1`] = `218673`;

exports[`ZapswapPool gas tests fee is on #swapExact0For1 second swap in block moves tick, no initialized crossings 1`] = `120237`;

exports[`ZapswapPool gas tests fee is on #swapExact0For1 second swap in block with no tick movement 1`] = `104347`;

exports[`ZapswapPool gas tests fee is on #swapExact0For1 second swap in block, large swap crossing a single initialized tick 1`] = `132033`;

exports[`ZapswapPool gas tests fee is on #swapExact0For1 second swap in block, large swap crossing several initialized ticks 1`] = `185887`;
